[construccionesfiables.10web.me/index.html]
[backblue.gif]
[fade.gif]
[index.html]
[fonts.googleapis.com/index.html]
[construccionesfiables.10web.me/wp-content/plugins/tenweb-builder/Apps/SectionGeneration/assets/style/section_generation_embed.minc49c.css]
[construccionesfiables.10web.me/feed/index.html]
[construccionesfiables.10web.me/wp-content/plugins/elementor/assets/css/frontend-lite.min93d8.css]
[construccionesfiables.10web.me/comments/feed/index.html]
[construccionesfiables.10web.me/wp-content/plugins/tenweb-builder/assets/frontend/css/frontend.minc49c.css]
[construccionesfiables.10web.me/wp-content/uploads/elementor/css/post-187877f.css]
[construccionesfiables.10web.me/wp-content/themes/tenweb-website-builder-theme/assets/css/styles.min6176.css]
[construccionesfiables.10web.me/wp-content/plugins/elementor/assets/lib/swiper/v8/css/swiper.min94a4.css]
[construccionesfiables.10web.me/wp-content/uploads/elementor/css/post-188c8e2.css]
[construccionesfiables.10web.me/wp-content/plugins/tenweb-builder/pro-features/assets/css/frontend.minc49c.css]
[construccionesfiables.10web.me/wp-content/uploads/elementor/css/globalc8e2.css]
[construccionesfiables.10web.me/wp-content/uploads/elementor/css/post-160236f.css]
[construccionesfiables.10web.me/wp-includes/js/jquery/jquery.minf43b.js]
[construccionesfiables.10web.me/wp-includes/js/jquery/jquery-migrate.min5589.js]
[construccionesfiables.10web.me/wp-content/plugins/tenweb-builder/assets/editor/js/helper-scriptc49c.js]
[construccionesfiables.10web.me/wp-content/themes/tenweb-website-builder-theme/assets/js/scripts.min6176.js]
[construccionesfiables.10web.me/wp-json/wp/v2/pages/160.json]
[construccionesfiables.10web.me/xmlrpc0db0.php]
[construccionesfiables.10web.me/wp-json/index.html]
[construccionesfiables.10web.me/wp-json/oembed/1.0/embedbb09.json]
[construccionesfiables.10web.me/wp-json/oembed/1.0/embed536c]
[construccionesfiables.10web.me/wp-content/uploads/2024/07/construccionesfiableslogo-3-1024x466.jpg]
[construccionesfiables.10web.me/wp-content/uploads/2024/07/suare-line-background-dark.webp]
[construccionesfiables.10web.me/precios/index.html]
[construccionesfiables.10web.me/wp-content/uploads/2024/07/square-line-background.webp]
[construccionesfiables.10web.me/wp-content/uploads/2024/07/pregnantcouple.jpg]
[construccionesfiables.10web.me/service-set/index.html]
[construccionesfiables.10web.me/wp-content/uploads/2024/07/crave-light.webp]
[construccionesfiables.10web.me/wp-content/uploads/2024/07/gelowinx-light.webp]
[construccionesfiables.10web.me/wp-content/uploads/2024/07/spotlight-light.webp]
[construccionesfiables.10web.me/wp-content/uploads/2024/07/vogue-light.webp]
[construccionesfiables.10web.me/wp-content/uploads/2024/07/couture-light.webp]
[construccionesfiables.10web.me/wp-content/uploads/2024/07/horizon-light.webp]
[construccionesfiables.10web.me/wp-content/uploads/2024/07/black-man-tablet-and-smile-in-portrait-at-startup-68M4QPV.webp]
[construccionesfiables.10web.me/wp-content/plugins/elementor/assets/css/widget-icon-box.min.css]
[construccionesfiables.10web.me/wp-content/uploads/2024/07/the-age-of-the-social-media-movement-CKLWLXP.webp]
[construccionesfiables.10web.me/wp-content/uploads/2024/07/two-heads-are-better-than-one-shot-of-two-young-bu-PL9H55T.webp]
[construccionesfiables.10web.me/wp-content/uploads/2024/07/man-working-at-office-HZ2SC8X.webp]
[construccionesfiables.10web.me/fundacion/index.html]
[construccionesfiables.10web.me/wp-content/uploads/2024/07/portrait-of-young-handsome-man-33DQX63.webp]
[construccionesfiables.10web.me/construccion-de-casas/index.html]
[construccionesfiables.10web.me/wp-content/uploads/2024/07/businessman-portrait-in-a-studio-WUFDDGT.webp]
[construccionesfiables.10web.me/wp-content/uploads/2024/07/woman-LEKTAVD.webp]
[construccionesfiables.10web.me/espacios-al-aire-libre/index.html]
[construccionesfiables.10web.me/wp-content/plugins/elementor/assets/lib/font-awesome/css/all.min93d8.css]
[construccionesfiables.10web.me/wp-content/plugins/elementor/assets/lib/font-awesome/css/v4-shims.min93d8.css]
[construccionesfiables.10web.me/nuestro-equipo/index.html]
[construccionesfiables.10web.me/wp-content/plugins/elementor/assets/lib/animations/animations.min93d8.css]
[construccionesfiables.10web.me/wp-content/uploads/elementor/css/post-186fa0f.css]
[construccionesfiables.10web.me/wp-content/plugins/tenweb-builder/Apps/SectionGeneration/assets/script/section_generation_embed.minc49c.js]
[construccionesfiables.10web.me/wp-content/plugins/elementor/assets/lib/font-awesome/js/v4-shims.min93d8.js]
[construccionesfiables.10web.me/wp-content/plugins/elementor/assets/lib/jquery-numerator/jquery-numerator.min3958.js]
[construccionesfiables.10web.me/wp-content/plugins/elementor/assets/js/webpack.runtime.min93d8.js]
[construccionesfiables.10web.me/wp-content/plugins/elementor/assets/js/frontend-modules.min93d8.js]
[construccionesfiables.10web.me/wp-content/plugins/elementor/assets/lib/waypoints/waypoints.min05da.js]
[construccionesfiables.10web.me/wp-includes/js/jquery/ui/core.minb37e.js]
[construccionesfiables.10web.me/wp-content/plugins/elementor/assets/js/frontend.min93d8.js]
[construccionesfiables.10web.me/wp-content/plugins/tenweb-builder/pro-features/assets/js/concated_frontend.minc49c.js]
[construccionesfiables.10web.me/wp-includes/js/underscore.mind584.js]
[construccionesfiables.10web.me/wp-includes/js/imagesloaded.minbb93.js]
[construccionesfiables.10web.me/wp-includes/js/masonry.min3a05.js]
[construccionesfiables.10web.me/wp-content/plugins/tenweb-builder/assets/frontend/js/frontend.minc49c.js]
[construccionesfiables.10web.me/index.html]
[construccionesfiables.10web.me/wp-content/plugins/tenweb-builder/assets/frontend/js/custom_options_frontend.minc49c.js]
[fonts.googleapis.com/index.html]
[fonts.googleapis.com/css227d1.css]
[fonts.googleapis.com/cssbbdd.css]
[fonts.gstatic.com/index.html]
[construccionesfiables.10web.me/wp-content/uploads/elementor/css/post-1636bef.css]
[construccionesfiables.10web.me/wp-json/wp/v2/pages/163.json]
[construccionesfiables.10web.me/wp-json/oembed/1.0/embed9ad6.json]
[construccionesfiables.10web.me/wp-content/uploads/2024/07/a-casual-business-man-checking-a-marketing-plan-JUXLPKT.webp]
[construccionesfiables.10web.me/wp-json/oembed/1.0/embed7194]
[construccionesfiables.10web.me/wp-content/uploads/2024/07/couple-at-the-travel-agency-office-WR8G457.webp]
[construccionesfiables.10web.me/wp-content/uploads/2024/07/agency-office-workers-cooperating-regarding-startu-M3FJS5E.webp]
[construccionesfiables.10web.me/service-set/index.html]
[construccionesfiables.10web.me/wp-content/uploads/elementor/css/post-165db6b.css]
[construccionesfiables.10web.me/wp-json/wp/v2/pages/165.json]
[construccionesfiables.10web.me/wp-json/oembed/1.0/embed7a94.json]
[construccionesfiables.10web.me/wp-json/oembed/1.0/embed71db]
[construccionesfiables.10web.me/wp-content/plugins/elementor/assets/css/widget-icon-list.min.css]
[construccionesfiables.10web.me/wp-content/uploads/2024/07/social-media-marketing-Z4VPKMH.webp]
[construccionesfiables.10web.me/precios/index.html]
[construccionesfiables.10web.me/acerca-de-nosotros/index.html]
[construccionesfiables.10web.me/contactenos/index.html]
[construccionesfiables.10web.me/nuestro-proceso/index.html]
[construccionesfiables.10web.me/wp-content/uploads/elementor/css/post-1583596.css]
[construccionesfiables.10web.me/wp-json/wp/v2/pages/158.json]
[construccionesfiables.10web.me/wp-json/oembed/1.0/embed32e8.json]
[construccionesfiables.10web.me/wp-json/oembed/1.0/embed1c83]
[construccionesfiables.10web.me/wp-content/uploads/2024/07/pov-of-black-influencer-reviewing-camera-for-video-NWE26Q7.webp]
[construccionesfiables.10web.me/wp-content/uploads/2024/07/woman-taking-a-snapshot-of-her-plant-for-social-me-72K6AN8.webp]
[construccionesfiables.10web.me/construccion-de-casas/index.html]
[construccionesfiables.10web.me/wp-content/uploads/elementor/css/post-1571ebb.css]
[construccionesfiables.10web.me/wp-json/wp/v2/pages/157.json]
[construccionesfiables.10web.me/wp-json/oembed/1.0/embed7d26.json]
[construccionesfiables.10web.me/fundacion/index.html]
[construccionesfiables.10web.me/reformas/index.html]
[construccionesfiables.10web.me/reformas-de-bano-y-cocina/index.html]
[construccionesfiables.10web.me/pintura/index.html]
[construccionesfiables.10web.me/wp-json/oembed/1.0/embed8c1c]
[construccionesfiables.10web.me/wp-content/uploads/elementor/css/post-1530c86.css]
[construccionesfiables.10web.me/wp-json/wp/v2/pages/153.json]
[construccionesfiables.10web.me/wp-json/oembed/1.0/embed57f3.json]
[construccionesfiables.10web.me/espacios-al-aire-libre/index.html]
[construccionesfiables.10web.me/wp-json/oembed/1.0/embed7335]
[construccionesfiables.10web.me/wp-content/uploads/elementor/css/post-1644466.css]
[construccionesfiables.10web.me/wp-json/wp/v2/pages/164.json]
[construccionesfiables.10web.me/wp-json/oembed/1.0/embede41b.json]
[construccionesfiables.10web.me/wp-content/uploads/2024/07/close-up-portrait-of-a-businesswoman-in-the-office-VRY94W4.webp]
[construccionesfiables.10web.me/wp-json/oembed/1.0/embed1745]
[construccionesfiables.10web.me/wp-content/uploads/2024/07/happy-indian-business-man-teacher-talking-to-web-c-U7AGR8C.webp]
[construccionesfiables.10web.me/wp-content/uploads/2024/07/portrait-young-attractive-hipster-asia-female-owne-C3EAUPY.webp]
[construccionesfiables.10web.me/wp-content/uploads/2024/07/happy-latin-young-woman-online-teacher-or-student-T52LK2F.webp]
[construccionesfiables.10web.me/wp-content/uploads/2024/07/business-people-working-with-a-digital-tablet-in-a-YTCMD4Z.webp]
[construccionesfiables.10web.me/nuestro-equipo/index.html]
[fonts.googleapis.com/cssf941.css]
[construccionesfiables.10web.me/index4034.html]
[construccionesfiables.10web.me/index17d5.html]
[construccionesfiables.10web.me/index8af0.html]
[construccionesfiables.10web.me/index5791.html]
[construccionesfiables.10web.me/indexd7d8.html]
[construccionesfiables.10web.me/index7760.html]
[construccionesfiables.10web.me/wp-content/plugins/tenweb-builder/assets/editor/js/helper-scriptc49c.js]
[construccionesfiables.10web.me/wp-includes/js/jquery/jquery.minf43b.js]
[construccionesfiables.10web.me/wp-includes/js/jquery/jquery-migrate.min5589.js]
[construccionesfiables.10web.me/wp-content/themes/tenweb-website-builder-theme/assets/js/scripts.min6176.js]
[construccionesfiables.10web.me/wp-content/plugins/tenweb-builder/Apps/SectionGeneration/assets/images/sg_ai_logo.png]
[construccionesfiables.10web.me/wp-json/index.html]
[construccionesfiables.10web.me/wp-content/plugins/tenweb-builder/Apps/SectionGeneration/assets/style/section_generation_embed.minc49c.css]
[construccionesfiables.10web.me/wp-content/plugins/tenweb-builder/Apps/SectionGeneration/assets/images/loader.svg]
[construccionesfiables.10web.me/wp-content/uploads/2024/07/portrait-of-young-handsome-man-33DQX63.webp]
[construccionesfiables.10web.me/wp-content/uploads/2024/07/businessman-portrait-in-a-studio-WUFDDGT.webp]
[construccionesfiables.10web.me/wp-content/plugins/elementor/assets/css/frontend-lite.min93d8.css]
[construccionesfiables.10web.me/wp-content/uploads/2024/07/woman-LEKTAVD.webp]
[construccionesfiables.10web.me/wp-content/plugins/tenweb-builder/Apps/SectionGeneration/assets/script/section_generation_embed.minc49c.js]
[construccionesfiables.10web.me/wp-content/plugins/elementor/assets/lib/jquery-numerator/jquery-numerator.min3958.js]
[construccionesfiables.10web.me/wp-content/plugins/elementor/assets/lib/font-awesome/js/v4-shims.min93d8.js]
[construccionesfiables.10web.me/wp-content/plugins/tenweb-builder/assets/common/fonts/twbb-icons.5fea66.delayed]
[construccionesfiables.10web.me/wp-content/plugins/elementor/assets/js/webpack.runtime.min93d8.js]
[construccionesfiables.10web.me/wp-content/plugins/elementor/assets/js/frontend-modules.min93d8.js]
[construccionesfiables.10web.me/wp-content/plugins/elementor/assets/lib/waypoints/waypoints.min05da.js]
[construccionesfiables.10web.me/wp-includes/js/jquery/ui/core.minb37e.js]
[construccionesfiables.10web.me/wp-content/plugins/elementor/assets/js/frontend.min93d8.js]
[construccionesfiables.10web.me/wp-content/plugins/tenweb-builder/pro-features/assets/js/concated_frontend.minc49c.js]
[construccionesfiables.10web.me/wp-includes/js/underscore.mind584.js]
[construccionesfiables.10web.me/wp-content/plugins/tenweb-builder/assets/common/fonts/twbb-iconsea66.woff]
[construccionesfiables.10web.me/wp-includes/js/imagesloaded.minbb93.js]
[construccionesfiables.10web.me/wp-includes/js/masonry.min3a05.js]
[construccionesfiables.10web.me/wp-content/plugins/tenweb-builder/assets/frontend/js/custom_options_frontend.minc49c.js]
[construccionesfiables.10web.me/wp-content/plugins/tenweb-builder/assets/frontend/js/frontend.minc49c.js]
[construccionesfiables.10web.me/wp-content/plugins/tenweb-builder/assets/common/fonts/twbb-iconsea66.svg]
[construccionesfiables.10web.me/wp-content/plugins/tenweb-builder/assets/frontend/css/frontend.minc49c.css]
[construccionesfiables.10web.me/wp-content/uploads/elementor/css/post-187877f.css]
[construccionesfiables.10web.me/wp-content/themes/tenweb-website-builder-theme/assets/css/images/home_banner.png]
[construccionesfiables.10web.me/wp-content/themes/tenweb-website-builder-theme/assets/css/styles.min6176.css]
[construccionesfiables.10web.me/wp-content/themes/tenweb-website-builder-theme/assets/css/images/search.svg]
[construccionesfiables.10web.me/wp-content/plugins/elementor/assets/lib/swiper/v8/css/swiper.min94a4.css]
[construccionesfiables.10web.me/wp-content/uploads/elementor/css/post-188c8e2.css]
[construccionesfiables.10web.me/wp-content/plugins/tenweb-builder/pro-features/assets/css/frontend.minc49c.css]
[construccionesfiables.10web.me/wp-content/uploads/elementor/css/globalc8e2.css]
[construccionesfiables.10web.me/wp-content/uploads/elementor/css/post-160236f.css]
[construccionesfiables.10web.me/xmlrpc0db0.php]
[construccionesfiables.10web.me/wp-content/plugins/elementor/assets/css/widget-icon-box.min.css]
[construccionesfiables.10web.me/wp-content/plugins/tenweb-builder/assets/common/fonts/twbb-iconsea66.woff]
[construccionesfiables.10web.me/wp-content/themes/tenweb-website-builder-theme/assets/css/images/home_banner.png]
[construccionesfiables.10web.me/nuestro-equipo/index.html]
[construccionesfiables.10web.me/wp-content/plugins/elementor/assets/lib/font-awesome/webfonts/fa-brands-400.eot]
[construccionesfiables.10web.me/wp-content/plugins/elementor/assets/lib/font-awesome/webfonts/fa-brands-400d41d.eot]
[construccionesfiables.10web.me/wp-content/plugins/elementor/assets/lib/font-awesome/webfonts/fa-brands-400.woff2]
[construccionesfiables.10web.me/wp-content/plugins/elementor/assets/lib/font-awesome/webfonts/fa-brands-400.woff]
[construccionesfiables.10web.me/wp-content/plugins/elementor/assets/lib/font-awesome/webfonts/fa-brands-400d41d.eot]
[construccionesfiables.10web.me/wp-content/plugins/elementor/assets/lib/font-awesome/webfonts/fa-brands-400.woff2]
[construccionesfiables.10web.me/wp-content/plugins/elementor/assets/lib/font-awesome/webfonts/fa-brands-400.ttf]
[construccionesfiables.10web.me/wp-content/plugins/elementor/assets/lib/font-awesome/webfonts/fa-brands-400.svg]
[construccionesfiables.10web.me/wp-content/plugins/elementor/assets/lib/font-awesome/webfonts/fa-regular-400.eot]
[construccionesfiables.10web.me/wp-content/plugins/elementor/assets/lib/font-awesome/webfonts/fa-regular-400d41d.eot]
[construccionesfiables.10web.me/wp-content/plugins/elementor/assets/lib/font-awesome/webfonts/fa-regular-400.woff2]
[construccionesfiables.10web.me/wp-content/plugins/elementor/assets/lib/font-awesome/webfonts/fa-regular-400.woff]
[construccionesfiables.10web.me/wp-content/plugins/elementor/assets/lib/font-awesome/webfonts/fa-regular-400d41d.eot]
[construccionesfiables.10web.me/wp-content/plugins/elementor/assets/lib/font-awesome/webfonts/fa-regular-400.woff2]
[construccionesfiables.10web.me/wp-content/plugins/elementor/assets/lib/font-awesome/webfonts/fa-regular-400.ttf]
[construccionesfiables.10web.me/wp-content/plugins/elementor/assets/lib/font-awesome/webfonts/fa-regular-400.svg]
[construccionesfiables.10web.me/wp-content/plugins/elementor/assets/lib/font-awesome/webfonts/fa-solid-900.eot]
[construccionesfiables.10web.me/wp-content/plugins/elementor/assets/lib/font-awesome/webfonts/fa-solid-900d41d.eot]
[construccionesfiables.10web.me/wp-content/plugins/elementor/assets/lib/font-awesome/webfonts/fa-solid-900.woff2]
[construccionesfiables.10web.me/wp-content/plugins/elementor/assets/lib/font-awesome/webfonts/fa-solid-900.woff]
[construccionesfiables.10web.me/wp-content/plugins/elementor/assets/lib/font-awesome/webfonts/fa-solid-900.woff2]
[construccionesfiables.10web.me/wp-content/plugins/elementor/assets/lib/font-awesome/webfonts/fa-solid-900.ttf]
[construccionesfiables.10web.me/wp-content/plugins/elementor/assets/lib/font-awesome/webfonts/fa-solid-900d41d.eot]
[construccionesfiables.10web.me/wp-content/plugins/elementor/assets/lib/font-awesome/css/all.min93d8.css]
[construccionesfiables.10web.me/wp-content/plugins/elementor/assets/lib/font-awesome/css/v4-shims.min93d8.css]
[construccionesfiables.10web.me/wp-content/plugins/elementor/assets/lib/animations/animations.min93d8.css]
[construccionesfiables.10web.me/wp-content/uploads/elementor/css/post-186fa0f.css]
[construccionesfiables.10web.me/wp-content/uploads/elementor/css/post-1636bef.css]
[construccionesfiables.10web.me/index4034.html]
[construccionesfiables.10web.me/wp-content/plugins/elementor/assets/lib/font-awesome/webfonts/fa-solid-900.svg]
[construccionesfiables.10web.me/wp-content/uploads/2024/07/a-casual-business-man-checking-a-marketing-plan-JUXLPKT.webp]
[construccionesfiables.10web.me/wp-content/uploads/elementor/css/post-165db6b.css]
[construccionesfiables.10web.me/index17d5.html]
[construccionesfiables.10web.me/wp-content/plugins/elementor/assets/css/widget-icon-list.min.css]
[construccionesfiables.10web.me/wp-content/uploads/elementor/css/post-1583596.css]
[construccionesfiables.10web.me/index8af0.html]
[construccionesfiables.10web.me/wp-content/uploads/2024/07/pov-of-black-influencer-reviewing-camera-for-video-NWE26Q7.webp]
[construccionesfiables.10web.me/wp-content/uploads/elementor/css/post-1571ebb.css]
[construccionesfiables.10web.me/index5791.html]
[construccionesfiables.10web.me/wp-content/uploads/elementor/css/post-1530c86.css]
[construccionesfiables.10web.me/indexd7d8.html]
[construccionesfiables.10web.me/wp-content/uploads/elementor/css/post-1644466.css]
[construccionesfiables.10web.me/index7760.html]
[construccionesfiables.10web.me/wp-content/uploads/2024/07/close-up-portrait-of-a-businesswoman-in-the-office-VRY94W4.webp]
[construccionesfiables.10web.me/wp-content/plugins/tenweb-builder/Apps/SectionGeneration/assets/images/loader.svg]
[construccionesfiables.10web.me/wp-content/plugins/tenweb-builder/assets/common/fonts/twbb-iconsea66.svg]
[construccionesfiables.10web.me/wp-content/themes/tenweb-website-builder-theme/assets/css/images/search.svg]
[construccionesfiables.10web.me/wp-content/plugins/elementor/assets/lib/font-awesome/webfonts/fa-brands-400.svg]
[construccionesfiables.10web.me/wp-content/plugins/elementor/assets/lib/font-awesome/webfonts/fa-regular-400.svg]
[construccionesfiables.10web.me/wp-content/plugins/elementor/assets/lib/font-awesome/webfonts/fa-solid-900.svg]
